// Jest Snapshot v1, https://goo.gl/fbAQLP

exports[`Comment Component should take a snapshot 1`] = `
<DocumentFragment>
  <div
    class="comment"
  >
    <p>
      efwefuin fejefeo
    </p>
    <span>
      Sky
    </span>
    0
  </div>
</DocumentFragment>
`;
